---
source: crates/tele_codegen/tests/codegen.rs
assertion_line: 57
expression: "&css"

---
@media screen and (min-width: 900px){
  article {
    -moz-padding: 1rem 3rem;
  }
}
